// Jest Snapshot v1, https://goo.gl/fbAQLP

exports[`Snapshot test for content 1`] = `
Array [
  <div
    className="overlay"
    style={
      Object {
        "display": "none",
      }
    }
  >
    <div
      className="abrirModal"
    >
      <p
        className="texto-cabecalho-modal"
      >
        Pagamento para 
        <span>
          
        </span>
      </p>
      <div
        className="gridchoice"
      >
        <div>
          Digite o valor:
        </div>
        <div
          className="valorInput"
        >
          <input
            inputMode="numeric"
            onBlur={[Function]}
            onChange={[Function]}
            onFocus={[Function]}
            onKeyDown={[Function]}
            onMouseUp={[Function]}
            placeholder="R$ 0,00"
            type="text"
            value=""
          />
          <p
            style={
              Object {
                "display": "none",
              }
            }
          >
            Campo obrigatório
          </p>
        </div>
        <div>
          Escolha um cartão:
        </div>
        <select
          className="cardselector"
          onChange={[Function]}
          value="1"
        >
          <option
            value="1"
          >
            Cartão com final 
            1111
          </option>
          <option
            value="2"
          >
            Cartão com final 
            1234
          </option>
        </select>
      </div>
      <div
        className="gridbutton"
      >
        <div
          className="pay-button pay-text cancel"
          onClick={[Function]}
        >
          CANCELAR
        </div>
        <div
          className="pay-button pay-text success"
          onClick={[Function]}
        >
          PAGAR
        </div>
      </div>
    </div>
  </div>,
  <div
    className="abrirModal"
    style={
      Object {
        "display": "none",
      }
    }
  >
    <p
      className="texto-cabecalho-modal"
    >
      Recibo de pagamento
    </p>
    <p>
      O Pagamento 
      <b>
        
      </b>
       foi concluído com sucesso
    </p>
    <a
      className="pay-button pay-text"
      onClick={[Function]}
    >
      Fechar
    </a>
  </div>,
]
`;
